[     122ms] [INFO] %cDownload the React DevTools for a better development experience: https://react.dev/link/react-devtools font-weight:bold @ http://localhost:5173/node_modules/.vite/deps/react-dom_client.js?v=718ed4df:14336
[  145034ms] [LOG] [CinematicIdleBackplate] loadedmetadata /scene/egg/egg-idle.mp4 @ http://localhost:5173/src/components/abel/CinematicIdleBackplate.tsx:15
[  145034ms] [LOG] [CinematicIdleBackplate] loadedmetadata /scene/egg/egg-idle.mp4 @ http://localhost:5173/src/components/abel/CinematicIdleBackplate.tsx:15
[  145061ms] [LOG] [CinematicIdleBackplate] canplay /scene/egg/egg-idle.mp4 @ http://localhost:5173/src/components/abel/CinematicIdleBackplate.tsx:16
[  145061ms] [LOG] [CinematicIdleBackplate] canplay /scene/egg/egg-idle.mp4 @ http://localhost:5173/src/components/abel/CinematicIdleBackplate.tsx:16
[  147028ms] [LOG] [CinematicIdleBackplate] loadedmetadata /scene/trophy/trophy.mp4 @ http://localhost:5173/src/components/abel/CinematicIdleBackplate.tsx:15
[  147028ms] [LOG] [CinematicIdleBackplate] loadedmetadata /scene/trophy/trophy.mp4 @ http://localhost:5173/src/components/abel/CinematicIdleBackplate.tsx:15
[  147053ms] [LOG] [CinematicIdleBackplate] canplay /scene/trophy/trophy.mp4 @ http://localhost:5173/src/components/abel/CinematicIdleBackplate.tsx:16
[  147053ms] [LOG] [CinematicIdleBackplate] canplay /scene/trophy/trophy.mp4 @ http://localhost:5173/src/components/abel/CinematicIdleBackplate.tsx:16
[  157465ms] [LOG] [CinematicIdleBackplate] canplay /scene/trophy/trophy.mp4 @ http://localhost:5173/src/components/abel/CinematicIdleBackplate.tsx:16
[  157465ms] [LOG] [CinematicIdleBackplate] canplay /scene/trophy/trophy.mp4 @ http://localhost:5173/src/components/abel/CinematicIdleBackplate.tsx:16
[  157574ms] [LOG] [CinematicIdleBackplate] canplay /scene/trophy/trophy.mp4 @ http://localhost:5173/src/components/abel/CinematicIdleBackplate.tsx:16
[  157574ms] [LOG] [CinematicIdleBackplate] canplay /scene/trophy/trophy.mp4 @ http://localhost:5173/src/components/abel/CinematicIdleBackplate.tsx:16
[  157662ms] [LOG] [CinematicIdleBackplate] canplay /scene/trophy/trophy.mp4 @ http://localhost:5173/src/components/abel/CinematicIdleBackplate.tsx:16
[  157662ms] [LOG] [CinematicIdleBackplate] canplay /scene/trophy/trophy.mp4 @ http://localhost:5173/src/components/abel/CinematicIdleBackplate.tsx:16
[  157741ms] [LOG] [CinematicIdleBackplate] canplay /scene/trophy/trophy.mp4 @ http://localhost:5173/src/components/abel/CinematicIdleBackplate.tsx:16
[  157742ms] [LOG] [CinematicIdleBackplate] canplay /scene/trophy/trophy.mp4 @ http://localhost:5173/src/components/abel/CinematicIdleBackplate.tsx:16
[  157819ms] [LOG] [CinematicIdleBackplate] canplay /scene/trophy/trophy.mp4 @ http://localhost:5173/src/components/abel/CinematicIdleBackplate.tsx:16
[  157819ms] [LOG] [CinematicIdleBackplate] canplay /scene/trophy/trophy.mp4 @ http://localhost:5173/src/components/abel/CinematicIdleBackplate.tsx:16
[  157892ms] [LOG] [CinematicIdleBackplate] canplay /scene/trophy/trophy.mp4 @ http://localhost:5173/src/components/abel/CinematicIdleBackplate.tsx:16
[  157893ms] [LOG] [CinematicIdleBackplate] canplay /scene/trophy/trophy.mp4 @ http://localhost:5173/src/components/abel/CinematicIdleBackplate.tsx:16
[  158095ms] [LOG] [CinematicIdleBackplate] canplay /scene/trophy/trophy.mp4 @ http://localhost:5173/src/components/abel/CinematicIdleBackplate.tsx:16
[  158095ms] [LOG] [CinematicIdleBackplate] canplay /scene/trophy/trophy.mp4 @ http://localhost:5173/src/components/abel/CinematicIdleBackplate.tsx:16
[  158219ms] [LOG] [CinematicIdleBackplate] canplay /scene/trophy/trophy.mp4 @ http://localhost:5173/src/components/abel/CinematicIdleBackplate.tsx:16
[  158219ms] [LOG] [CinematicIdleBackplate] canplay /scene/trophy/trophy.mp4 @ http://localhost:5173/src/components/abel/CinematicIdleBackplate.tsx:16
[  158299ms] [LOG] [CinematicIdleBackplate] canplay /scene/trophy/trophy.mp4 @ http://localhost:5173/src/components/abel/CinematicIdleBackplate.tsx:16
[  158299ms] [LOG] [CinematicIdleBackplate] canplay /scene/trophy/trophy.mp4 @ http://localhost:5173/src/components/abel/CinematicIdleBackplate.tsx:16
[  158355ms] [LOG] [CinematicIdleBackplate] canplay /scene/trophy/trophy.mp4 @ http://localhost:5173/src/components/abel/CinematicIdleBackplate.tsx:16
[  158355ms] [LOG] [CinematicIdleBackplate] canplay /scene/trophy/trophy.mp4 @ http://localhost:5173/src/components/abel/CinematicIdleBackplate.tsx:16
[  158424ms] [LOG] [CinematicIdleBackplate] canplay /scene/trophy/trophy.mp4 @ http://localhost:5173/src/components/abel/CinematicIdleBackplate.tsx:16
[  158424ms] [LOG] [CinematicIdleBackplate] canplay /scene/trophy/trophy.mp4 @ http://localhost:5173/src/components/abel/CinematicIdleBackplate.tsx:16
[  158495ms] [LOG] [CinematicIdleBackplate] canplay /scene/trophy/trophy.mp4 @ http://localhost:5173/src/components/abel/CinematicIdleBackplate.tsx:16
[  158495ms] [LOG] [CinematicIdleBackplate] canplay /scene/trophy/trophy.mp4 @ http://localhost:5173/src/components/abel/CinematicIdleBackplate.tsx:16
[  158570ms] [LOG] [CinematicIdleBackplate] canplay /scene/trophy/trophy.mp4 @ http://localhost:5173/src/components/abel/CinematicIdleBackplate.tsx:16
[  158570ms] [LOG] [CinematicIdleBackplate] canplay /scene/trophy/trophy.mp4 @ http://localhost:5173/src/components/abel/CinematicIdleBackplate.tsx:16
[  158675ms] [LOG] [CinematicIdleBackplate] canplay /scene/trophy/trophy.mp4 @ http://localhost:5173/src/components/abel/CinematicIdleBackplate.tsx:16
[  158675ms] [LOG] [CinematicIdleBackplate] canplay /scene/trophy/trophy.mp4 @ http://localhost:5173/src/components/abel/CinematicIdleBackplate.tsx:16
[  158689ms] [LOG] [CinematicIdleBackplate] loadedmetadata /scene/exhibition/exhibition.mp4 @ http://localhost:5173/src/components/abel/CinematicIdleBackplate.tsx:15
[  158689ms] [LOG] [CinematicIdleBackplate] loadedmetadata /scene/exhibition/exhibition.mp4 @ http://localhost:5173/src/components/abel/CinematicIdleBackplate.tsx:15
[  158725ms] [LOG] [CinematicIdleBackplate] canplay /scene/exhibition/exhibition.mp4 @ http://localhost:5173/src/components/abel/CinematicIdleBackplate.tsx:16
[  158725ms] [LOG] [CinematicIdleBackplate] canplay /scene/exhibition/exhibition.mp4 @ http://localhost:5173/src/components/abel/CinematicIdleBackplate.tsx:16
[  162834ms] [LOG] [CinematicIdleBackplate] canplay /scene/exhibition/exhibition.mp4 @ http://localhost:5173/src/components/abel/CinematicIdleBackplate.tsx:16
[  162834ms] [LOG] [CinematicIdleBackplate] canplay /scene/exhibition/exhibition.mp4 @ http://localhost:5173/src/components/abel/CinematicIdleBackplate.tsx:16
[  163415ms] [LOG] [CinematicIdleBackplate] loadedmetadata /scene/settings/settings.mp4 @ http://localhost:5173/src/components/abel/CinematicIdleBackplate.tsx:15
[  163415ms] [LOG] [CinematicIdleBackplate] loadedmetadata /scene/settings/settings.mp4 @ http://localhost:5173/src/components/abel/CinematicIdleBackplate.tsx:15
[  163443ms] [LOG] [CinematicIdleBackplate] canplay /scene/settings/settings.mp4 @ http://localhost:5173/src/components/abel/CinematicIdleBackplate.tsx:16
[  163444ms] [LOG] [CinematicIdleBackplate] canplay /scene/settings/settings.mp4 @ http://localhost:5173/src/components/abel/CinematicIdleBackplate.tsx:16
